yarn run v1.22.22
$ next build
  ▲ Next.js 14.2.32
  - Environments: .env

   Creating an optimized production build ...
> [PWA] Compile server
> [PWA] Compile server
> [PWA] Compile client (static)
> [PWA] Auto register service worker with: /home/teijehidde/Documents/7CedarsGit/projects/powers/frontend/node_modules/next-pwa/register.js
> [PWA] Service worker: /home/teijehidde/Documents/7CedarsGit/projects/powers/frontend/public/sw.js
> [PWA]   url: /sw.js
> [PWA]   scope: /
Browserslist: caniuse-lite is outdated. Please run:
  npx update-browserslist-db@latest
  Why you should do it regularly: https://github.com/browserslist/update-db#readme
 ⚠ Compiled with warnings

/_next/static/chunks/9865-ca5194b6bc9319b0.js is 2.12 MB, and won't be precached. Configure maximumFileSizeToCacheInBytes to change this limit.

   Linting and checking validity of types ...

Failed to compile.

./app/SectionDeployCarouselV2.tsx
209:17  Warning: Using `<img>` could result in slower LCP and higher bandwidth. Consider using `<Image />` from `next/image` to automatically optimize images. This may incur additional usage or cost from your provider. See: https://nextjs.org/docs/messages/no-img-element  @next/next/no-img-element

./app/protocol/[chainId]/[powers]/Actions.tsx
37:6  Warning: React Hook useEffect has a missing dependency: 'onRefresh'. Either include it or remove the dependency array. If 'onRefresh' changes too often, find the parent component that defines it and wrap that definition in useCallback.  react-hooks/exhaustive-deps

./app/protocol/[chainId]/[powers]/actions/[actionId]/page.tsx
24:44  Warning: 'chainId' is assigned a value but never used. Allowed unused vars must match /^_/u.  @typescript-eslint/no-unused-vars
42:24  Warning: Expected property shorthand.  object-shorthand

./app/protocol/[chainId]/[powers]/layout.tsx
4:21  Warning: 'usePathname' is defined but never used. Allowed unused vars must match /^_/u.  @typescript-eslint/no-unused-vars
5:20  Warning: 'useWallets' is defined but never used. Allowed unused vars must match /^_/u.  @typescript-eslint/no-unused-vars
10:10  Warning: 'Law' is defined but never used. Allowed unused vars must match /^_/u.  @typescript-eslint/no-unused-vars
10:15  Warning: 'Powers' is defined but never used. Allowed unused vars must match /^_/u.  @typescript-eslint/no-unused-vars
10:23  Warning: 'Checks' is defined but never used. Allowed unused vars must match /^_/u.  @typescript-eslint/no-unused-vars
20:11  Warning: 'chainId' is assigned a value but never used. Allowed unused vars must match /^_/u.  @typescript-eslint/no-unused-vars
116:50  Error: 'wallets' is not defined.  no-undef
116:78  Error: 'fetchLawsAndRoles' is not defined.  no-undef

./app/protocol/[chainId]/[powers]/roles/RoleList.tsx
25:10  Warning: 'error' is assigned a value but never used. Allowed unused vars must match /^_/u.  @typescript-eslint/no-unused-vars

./app/protocol/[chainId]/[powers]/roles/[roleId]/MemberList.tsx
11:10  Warning: 'bigintToRole' is defined but never used. Allowed unused vars must match /^_/u.  @typescript-eslint/no-unused-vars

./app/user/[chainId]/[powers]/Incoming.tsx
60:19  Warning: Forbidden non-null assertion.  @typescript-eslint/no-non-null-assertion
105:25  Warning: Forbidden non-null assertion.  @typescript-eslint/no-non-null-assertion

./app/user/[chainId]/[powers]/UserItem.tsx
62:17  Warning: Expected property shorthand.  object-shorthand

./app/user/[chainId]/[powers]/page.tsx
139:11  Error: 'setProtocol' is not defined.  no-undef

./app/user/settings/page.tsx
8:10  Warning: 'usePrivy' is defined but never used. Allowed unused vars must match /^_/u.  @typescript-eslint/no-unused-vars
22:9  Warning: The 'defaultPowers101' object makes the dependencies of useEffect Hook (at line 77) change on every render. Move it inside the useEffect callback. Alternatively, wrap the initialization of 'defaultPowers101' in its own useMemo() Hook.  react-hooks/exhaustive-deps
97:9  Warning: The 'combineProtocols' function makes the dependencies of useEffect Hook (at line 120) change on every render. Move it inside the useEffect callback. Alternatively, wrap the definition of 'combineProtocols' in its own useCallback() Hook.  react-hooks/exhaustive-deps

./components/BlockCounter.tsx
4:10  Warning: 'useBlockNumber' is defined but never used. Allowed unused vars must match /^_/u.  @typescript-eslint/no-unused-vars

./components/Button.tsx
14:13  Warning: Unexpected any. Specify a different type.  @typescript-eslint/no-explicit-any

./components/ConnectButton.tsx
3:10  Warning: 'LinkedAccountWithMetadata' is defined but never used. Allowed unused vars must match /^_/u.  @typescript-eslint/no-unused-vars
3:37  Warning: 'useConnectWallet' is defined but never used. Allowed unused vars must match /^_/u.  @typescript-eslint/no-unused-vars
3:55  Warning: 'useLogout' is defined but never used. Allowed unused vars must match /^_/u.  @typescript-eslint/no-unused-vars
9:10  Warning: 'useSetActiveWallet' is defined but never used. Allowed unused vars must match /^_/u.  @typescript-eslint/no-unused-vars
14:17  Warning: 'user' is assigned a value but never used. Allowed unused vars must match /^_/u.  @typescript-eslint/no-unused-vars
14:68  Warning: 'linkWallet' is assigned a value but never used. Allowed unused vars must match /^_/u.  @typescript-eslint/no-unused-vars
15:11  Warning: 'address' is assigned a value but never used. Allowed unused vars must match /^_/u.  @typescript-eslint/no-unused-vars
15:20  Warning: 'isConnected' is assigned a value but never used. Allowed unused vars must match /^_/u.  @typescript-eslint/no-unused-vars

./components/DynamicForm.tsx
3:28  Warning: 'useState' is defined but never used. Allowed unused vars must match /^_/u.  @typescript-eslint/no-unused-vars
4:10  Warning: 'setError' is defined but never used. Allowed unused vars must match /^_/u.  @typescript-eslint/no-unused-vars
6:10  Warning: 'ArrowUpRightIcon' is defined but never used. Allowed unused vars must match /^_/u.  @typescript-eslint/no-unused-vars
6:28  Warning: 'PlusIcon' is defined but never used. Allowed unused vars must match /^_/u.  @typescript-eslint/no-unused-vars
6:52  Warning: 'UserGroupIcon' is defined but never used. Allowed unused vars must match /^_/u.  @typescript-eslint/no-unused-vars
6:67  Warning: 'CheckIcon' is defined but never used. Allowed unused vars must match /^_/u.  @typescript-eslint/no-unused-vars
6:78  Warning: 'XMarkIcon' is defined but never used. Allowed unused vars must match /^_/u.  @typescript-eslint/no-unused-vars
7:10  Warning: 'SectionText' is defined but never used. Allowed unused vars must match /^_/u.  @typescript-eslint/no-unused-vars
8:10  Warning: 'useChainId' is defined but never used. Allowed unused vars must match /^_/u.  @typescript-eslint/no-unused-vars
9:51  Warning: 'toHex' is defined but never used. Allowed unused vars must match /^_/u.  @typescript-eslint/no-unused-vars
10:57  Warning: 'parseRole' is defined but never used. Allowed unused vars must match /^_/u.  @typescript-eslint/no-unused-vars
10:68  Warning: 'parseTrueFalse' is defined but never used. Allowed unused vars must match /^_/u.  @typescript-eslint/no-unused-vars
10:84  Warning: 'shorterDescription' is defined but never used. Allowed unused vars must match /^_/u.  @typescript-eslint/no-unused-vars
13:10  Warning: 'SimulationBox' is defined but never used. Allowed unused vars must match /^_/u.  @typescript-eslint/no-unused-vars
17:10  Warning: 'hashAction' is defined but never used. Allowed unused vars must match /^_/u.  @typescript-eslint/no-unused-vars
18:8  Warning: 'HeaderLaw' is defined but never used. Allowed unused vars must match /^_/u.  @typescript-eslint/no-unused-vars
19:10  Warning: 'bigintToRole' is defined but never used. Allowed unused vars must match /^_/u.  @typescript-eslint/no-unused-vars
19:24  Warning: 'bigintToRoleHolders' is defined but never used. Allowed unused vars must match /^_/u.  @typescript-eslint/no-unused-vars
38:30  Warning: 'powers' is defined but never used. Allowed unused args must match /^_/u.  @typescript-eslint/no-unused-vars
38:43  Warning: 'checks' is defined but never used. Allowed unused args must match /^_/u.  @typescript-eslint/no-unused-vars
38:67  Warning: 'simulation' is defined but never used. Allowed unused args must match /^_/u.  @typescript-eslint/no-unused-vars
38:79  Warning: 'selectedExecution' is defined but never used. Allowed unused args must match /^_/u.  @typescript-eslint/no-unused-vars
38:98  Warning: 'onChange' is defined but never used. Allowed unused args must match /^_/u.  @typescript-eslint/no-unused-vars
38:120  Warning: 'onExecute' is defined but never used. Allowed unused args must match /^_/u.  @typescript-eslint/no-unused-vars
41:9  Warning: 'router' is assigned a value but never used. Allowed unused vars must match /^_/u.  @typescript-eslint/no-unused-vars
45:9  Warning: 'supportedChain' is assigned a value but never used. Allowed unused vars must match /^_/u.  @typescript-eslint/no-unused-vars
92:6  Warning: React Hook useEffect has missing dependencies: 'action' and 'dataTypes'. Either include them or remove the dependency array.  react-hooks/exhaustive-deps
92:6  Warning: Unexpected comma in middle of array.  no-sparse-arrays

./components/DynamicInput.tsx
25:9  Warning: 'error' is assigned a value but never used. Allowed unused vars must match /^_/u.  @typescript-eslint/no-unused-vars
120:62  Warning: Unnecessary escape character: \[.  no-useless-escape
133:60  Warning: Unnecessary escape character: \[.  no-useless-escape

./components/HeaderLawSmall.tsx
2:8  Warning: 'Image' is defined but never used. Allowed unused vars must match /^_/u.  @typescript-eslint/no-unused-vars
22:3  Warning: 'description' is defined but never used. Allowed unused args must match /^_/u.  @typescript-eslint/no-unused-vars

./components/LawLink.tsx
1:10  Warning: 'Execution' is defined but never used. Allowed unused vars must match /^_/u.  @typescript-eslint/no-unused-vars
1:21  Warning: 'Law' is defined but never used. Allowed unused vars must match /^_/u.  @typescript-eslint/no-unused-vars
1:26  Warning: 'Status' is defined but never used. Allowed unused vars must match /^_/u.  @typescript-eslint/no-unused-vars
1:34  Warning: 'LawExecutions' is defined but never used. Allowed unused vars must match /^_/u.  @typescript-eslint/no-unused-vars
2:10  Warning: 'parseChainId' is defined but never used. Allowed unused vars must match /^_/u.  @typescript-eslint/no-unused-vars
2:24  Warning: 'parseParamValues' is defined but never used. Allowed unused vars must match /^_/u.  @typescript-eslint/no-unused-vars
2:42  Warning: 'parseRole' is defined but never used. Allowed unused vars must match /^_/u.  @typescript-eslint/no-unused-vars
3:10  Warning: 'toEurTimeFormat' is defined but never used. Allowed unused vars must match /^_/u.  @typescript-eslint/no-unused-vars
3:27  Warning: 'toFullDateFormat' is defined but never used. Allowed unused vars must match /^_/u.  @typescript-eslint/no-unused-vars
5:10  Warning: 'LoadingBox' is defined but never used. Allowed unused vars must match /^_/u.  @typescript-eslint/no-unused-vars
6:10  Warning: 'setAction' is defined but never used. Allowed unused vars must match /^_/u.  @typescript-eslint/no-unused-vars
6:21  Warning: 'setError' is defined but never used. Allowed unused vars must match /^_/u.  @typescript-eslint/no-unused-vars
6:31  Warning: 'useActionStore' is defined but never used. Allowed unused vars must match /^_/u.  @typescript-eslint/no-unused-vars
7:10  Warning: 'decodeAbiParameters' is defined but never used. Allowed unused vars must match /^_/u.  @typescript-eslint/no-unused-vars
7:31  Warning: 'parseAbiParameters' is defined but never used. Allowed unused vars must match /^_/u.  @typescript-eslint/no-unused-vars
8:10  Warning: 'getPublicClient' is defined but never used. Allowed unused vars must match /^_/u.  @typescript-eslint/no-unused-vars
8:27  Warning: 'readContract' is defined but never used. Allowed unused vars must match /^_/u.  @typescript-eslint/no-unused-vars
9:10  Warning: 'lawAbi' is defined but never used. Allowed unused vars must match /^_/u.  @typescript-eslint/no-unused-vars
9:18  Warning: 'powersAbi' is defined but never used. Allowed unused vars must match /^_/u.  @typescript-eslint/no-unused-vars
10:10  Warning: 'wagmiConfig' is defined but never used. Allowed unused vars must match /^_/u.  @typescript-eslint/no-unused-vars
12:10  Warning: 'useCallback' is defined but never used. Allowed unused vars must match /^_/u.  @typescript-eslint/no-unused-vars
12:23  Warning: 'useEffect' is defined but never used. Allowed unused vars must match /^_/u.  @typescript-eslint/no-unused-vars
13:10  Warning: 'useBlocks' is defined but never used. Allowed unused vars must match /^_/u.  @typescript-eslint/no-unused-vars

./components/OnboardingModal.tsx
5:60  Warning: 'OnboardingStep' is defined but never used. Allowed unused vars must match /^_/u.  @typescript-eslint/no-unused-vars
142:40  Warning: The ref value 'elementPollingRef.current' will likely have changed by the time this effect cleanup function runs. If this ref points to a node rendered by React, copy 'elementPollingRef.current' to a variable inside the effect, and use that variable in the cleanup function.  react-hooks/exhaustive-deps
145:6  Warning: React Hook useEffect has a missing dependency: 'highlightElement'. Either include it or remove the dependency array.  react-hooks/exhaustive-deps
176:9  Warning: 'restartOnboarding' is assigned a value but never used. Allowed unused vars must match /^_/u.  @typescript-eslint/no-unused-vars
206:25  Warning: Forbidden non-null assertion.  @typescript-eslint/no-non-null-assertion
213:22  Warning: Forbidden non-null assertion.  @typescript-eslint/no-non-null-assertion
215:24  Warning: Forbidden non-null assertion.  @typescript-eslint/no-non-null-assertion
216:25  Warning: Forbidden non-null assertion.  @typescript-eslint/no-non-null-assertion
223:22  Warning: Forbidden non-null assertion.  @typescript-eslint/no-non-null-assertion
224:23  Warning: Forbidden non-null assertion.  @typescript-eslint/no-non-null-assertion
224:54  Warning: Forbidden non-null assertion.  @typescript-eslint/no-non-null-assertion
226:25  Warning: Forbidden non-null assertion.  @typescript-eslint/no-non-null-assertion
233:22  Warning: Forbidden non-null assertion.  @typescript-eslint/no-non-null-assertion
233:52  Warning: Forbidden non-null assertion.  @typescript-eslint/no-non-null-assertion
282:19  Warning: Using `<img>` could result in slower LCP and higher bandwidth. Consider using `<Image />` from `next/image` to automatically optimize images. This may incur additional usage or cost from your provider. See: https://nextjs.org/docs/messages/no-img-element  @next/next/no-img-element

./components/PWAInstallPrompt.tsx
77:13  Warning: 'outcome' is assigned a value but never used. Allowed unused vars must match /^_/u.  @typescript-eslint/no-unused-vars

./components/PowersFlow.tsx
7:3  Warning: 'Controls' is defined but never used. Allowed unused vars must match /^_/u.  @typescript-eslint/no-unused-vars
20:3  Warning: 'useStore' is defined but never used. Allowed unused vars must match /^_/u.  @typescript-eslint/no-unused-vars
32:3  Warning: 'XMarkIcon' is defined but never used. Allowed unused vars must match /^_/u.  @typescript-eslint/no-unused-vars
33:3  Warning: 'LinkIcon' is defined but never used. Allowed unused vars must match /^_/u.  @typescript-eslint/no-unused-vars
70:72  Warning: 'id' is defined but never used. Allowed unused args must match /^_/u.  @typescript-eslint/no-unused-vars
121:6  Warning: React Hook React.useEffect has a missing dependency: 'law'. Either include it or remove the dependency array.  react-hooks/exhaustive-deps
233:9  Warning: Unexpected lexical declaration in case block.  no-case-declarations
250:9  Warning: Unexpected lexical declaration in case block.  no-case-declarations
262:9  Warning: Unexpected lexical declaration in case block.  no-case-declarations
274:9  Warning: Unexpected lexical declaration in case block.  no-case-declarations
286:9  Warning: Unexpected lexical declaration in case block.  no-case-declarations
784:43  Warning: Forbidden non-null assertion.  @typescript-eslint/no-non-null-assertion
835:10  Warning: 'isInitialized' is assigned a value but never used. Allowed unused vars must match /^_/u.  @typescript-eslint/no-unused-vars
837:45  Warning: Unexpected any. Specify a different type.  @typescript-eslint/no-explicit-any
939:11  Warning: 'isSmallScreen' is assigned a value but never used. Allowed unused vars must match /^_/u.  @typescript-eslint/no-unused-vars
1010:6  Warning: React Hook useCallback has an unnecessary dependency: 'setAction'. Either exclude it or remove the dependency array. Outer scope values like 'setAction' aren't valid dependencies because mutating them doesn't re-render the component.  react-hooks/exhaustive-deps
1013:50  Warning: Unexpected any. Specify a different type.  @typescript-eslint/no-explicit-any
1062:52  Warning: Forbidden non-null assertion.  @typescript-eslint/no-non-null-assertion
1065:37  Warning: 'lawIndex' is defined but never used. Allowed unused args must match /^_/u.  @typescript-eslint/no-unused-vars
1151:6  Warning: React Hook useMemo has a missing dependency: 'powers'. Either include it or remove the dependency array.  react-hooks/exhaustive-deps
1211:55  Warning: Unexpected any. Specify a different type.  @typescript-eslint/no-explicit-any
1214:49  Warning: Unexpected any. Specify a different type.  @typescript-eslint/no-explicit-any

./components/ProposalBox.tsx
21:3  Warning: 'status' is defined but never used. Allowed unused args must match /^_/u.  @typescript-eslint/no-unused-vars
22:3  Warning: 'onCheck' is defined but never used. Allowed unused args must match /^_/u.  @typescript-eslint/no-unused-vars
34:34  Warning: 'error' is assigned a value but never used. Allowed unused vars must match /^_/u.  @typescript-eslint/no-unused-vars
42:16  Warning: 'blockNumber' is assigned a value but never used. Allowed unused vars must match /^_/u.  @typescript-eslint/no-unused-vars
71:6  Warning: React Hook useEffect has missing dependencies: 'checkHasVoted', 'law', 'powers', and 'simulate'. Either include them or remove the dependency array.  react-hooks/exhaustive-deps
82:6  Warning: React Hook useEffect has missing dependencies: 'action.actionId', 'checkHasVoted', 'powers', and 'wallets'. Either include them or remove the dependency array.  react-hooks/exhaustive-deps

./components/ProtocolNavigation.tsx
4:15  Warning: 'PropsWithChildren' is defined but never used. Allowed unused vars must match /^_/u.  @typescript-eslint/no-unused-vars
14:3  Warning: 'QuestionMarkCircleIcon' is defined but never used. Allowed unused vars must match /^_/u.  @typescript-eslint/no-unused-vars

./components/SimulationBox.tsx
71:6  Warning: React Hook useEffect has a missing dependency: 'dataTypes'. Either include it or remove the dependency array.  react-hooks/exhaustive-deps

./components/UserNavigation.tsx
3:17  Warning: 'useState' is defined but never used. Allowed unused vars must match /^_/u.  @typescript-eslint/no-unused-vars
8:3  Warning: 'IdentificationIcon' is defined but never used. Allowed unused vars must match /^_/u.  @typescript-eslint/no-unused-vars
9:3  Warning: 'NewspaperIcon' is defined but never used. Allowed unused vars must match /^_/u.  @typescript-eslint/no-unused-vars
10:3  Warning: 'BookOpenIcon' is defined but never used. Allowed unused vars must match /^_/u.  @typescript-eslint/no-unused-vars
14:10  Warning: 'OnboardingModal' is defined but never used. Allowed unused vars must match /^_/u.  @typescript-eslint/no-unused-vars
76:9  Warning: 'path' is assigned a value but never used. Allowed unused vars must match /^_/u.  @typescript-eslint/no-unused-vars

./components/Votes.tsx
13:10  Warning: 'useAction' is defined but never used. Allowed unused vars must match /^_/u.  @typescript-eslint/no-unused-vars
59:11  Warning: 'actionData' is assigned a value but never used. Allowed unused vars must match /^_/u.  @typescript-eslint/no-unused-vars
93:51  Warning: Unexpected any. Specify a different type.  @typescript-eslint/no-explicit-any

./components/Voting.tsx
3:10  Warning: 'powersAbi' is defined but never used. Allowed unused vars must match /^_/u.  @typescript-eslint/no-unused-vars
5:10  Warning: 'Action' is defined but never used. Allowed unused vars must match /^_/u.  @typescript-eslint/no-unused-vars
12:21  Warning: 'useState' is defined but never used. Allowed unused vars must match /^_/u.  @typescript-eslint/no-unused-vars
13:10  Warning: 'readContract' is defined but never used. Allowed unused vars must match /^_/u.  @typescript-eslint/no-unused-vars
14:10  Warning: 'wagmiConfig' is defined but never used. Allowed unused vars must match /^_/u.  @typescript-eslint/no-unused-vars
22:19  Warning: 'actionWithVotes' is assigned a value but never used. Allowed unused vars must match /^_/u.  @typescript-eslint/no-unused-vars
41:6  Warning: React Hook useEffect has missing dependencies: 'action', 'fetchVoteData', and 'powers'. Either include them or remove the dependency array.  react-hooks/exhaustive-deps

info  - Need to disable some ESLint rules? Learn more here: https://nextjs.org/docs/basic-features/eslint#disabling-rules
error Command failed with exit code 1.
info Visit https://yarnpkg.com/en/docs/cli/run for documentation about this command.
